==========================================
区块链监控接口完整测试
==========================================

━━━━━━━━━━━━━━━━━━━━━━━━━━━━━━━━━━━━━━━━
1. Block Time Delay 接口
━━━━━━━━━━━━━━━━━━━━━━━━━━━━━━━━━━━━━━━━

[btc]
Request: GET http://localhost:8787/api/blockchain-monitor/block-time-delay?chain=btc
Response:
{
  "success": true,
  "data": {
    "blockNumber": 933102,
    "latestBlockTime": 1768920815,
    "delaySeconds": 601
  },
  "timestamp": 1768921416991
}
---

[eth]
Request: GET http://localhost:8787/api/blockchain-monitor/block-time-delay?chain=eth
Response:
{
  "success": true,
  "data": {
    "blockNumber": 24276762,
    "latestBlockTime": 1768921415,
    "delaySeconds": 2
  },
  "timestamp": 1768921417711
}
---

[sol]
Request: GET http://localhost:8787/api/blockchain-monitor/block-time-delay?chain=sol
Response:
{
  "success": true,
  "data": {
    "blockNumber": 394776132,
    "latestBlockTime": 1768921405,
    "delaySeconds": 13
  },
  "timestamp": 1768921418797
}
---

[bsc]
Request: GET http://localhost:8787/api/blockchain-monitor/block-time-delay?chain=bsc
Response:
{
  "success": true,
  "data": {
    "blockNumber": 76392526,
    "latestBlockTime": 1768921416,
    "delaySeconds": 3
  },
  "timestamp": 1768921419533
}
---

[polygon]
Request: GET http://localhost:8787/api/blockchain-monitor/block-time-delay?chain=polygon
Response:
{
  "success": true,
  "data": {
    "blockNumber": 81900724,
    "latestBlockTime": 1768921420,
    "delaySeconds": 0
  },
  "timestamp": 1768921420571
}
---


━━━━━━━━━━━━━━━━━━━━━━━━━━━━━━━━━━━━━━━━
2. Gas Price 接口
━━━━━━━━━━━━━━━━━━━━━━━━━━━━━━━━━━━━━━━━

[btc]
Request: GET http://localhost:8787/api/blockchain-monitor/gas-price?chain=btc
Response:
{
  "success": true,
  "data": {
    "avgGasGwei": 1.014,
    "medianGasGwei": 1.014,
    "minGasGwei": 0.8112,
    "maxGasGwei": 1.2167999999999999,
    "unit": "sat/vB"
  },
  "timestamp": 1768921420912
}
---

[eth]
Request: GET http://localhost:8787/api/blockchain-monitor/gas-price?chain=eth
Response:
{
  "success": true,
  "data": {
    "avgGasGwei": 0.639025113,
    "medianGasGwei": 0.639025113,
    "minGasGwei": 0.5751226017,
    "maxGasGwei": 0.7029276243,
    "unit": "gwei"
  },
  "timestamp": 1768921421325
}
---

[sol]
Request: GET http://localhost:8787/api/blockchain-monitor/gas-price?chain=sol
Response:
{
  "success": true,
  "data": {
    "avgGasGwei": 0.000005,
    "medianGasGwei": 0.000005,
    "minGasGwei": 0.0000045,
    "maxGasGwei": 0.0000055,
    "unit": "SOL"
  },
  "timestamp": 1768921421574
}
---

[bsc]
Request: GET http://localhost:8787/api/blockchain-monitor/gas-price?chain=bsc
Response:
{
  "success": true,
  "data": {
    "avgGasGwei": 0.05,
    "medianGasGwei": 0.05,
    "minGasGwei": 0.045000000000000005,
    "maxGasGwei": 0.05500000000000001,
    "unit": "gwei"
  },
  "timestamp": 1768921421743
}
---

[polygon]
Request: GET http://localhost:8787/api/blockchain-monitor/gas-price?chain=polygon
Response:
{
  "success": true,
  "data": {
    "avgGasGwei": 687.572356679,
    "medianGasGwei": 687.572356679,
    "minGasGwei": 618.8151210111,
    "maxGasGwei": 756.3295923469001,
    "unit": "gwei"
  },
  "timestamp": 1768921422008
}
---


━━━━━━━━━━━━━━━━━━━━━━━━━━━━━━━━━━━━━━━━
3. TPS 接口
━━━━━━━━━━━━━━━━━━━━━━━━━━━━━━━━━━━━━━━━

[btc]
Request: GET http://localhost:8787/api/blockchain-monitor/tps?chain=btc
Response:
{
  "success": true,
  "data": {
    "txCount": 13193,
    "tps": 3.7
  },
  "timestamp": 1768921430816
}
---

[eth]
Request: GET http://localhost:8787/api/blockchain-monitor/tps?chain=eth
Response:
{
  "success": true,
  "data": {
    "txCount": 85523,
    "tps": 23.8
  },
  "timestamp": 1768921432054
}
---

[sol]
Request: GET http://localhost:8787/api/blockchain-monitor/tps?chain=sol
Response:
{
  "success": true,
  "data": {
    "tps": 1610.0377777777783,
    "txCount": 5796136,
    "sampleCount": 60,
    "periodSeconds": 60
  },
  "timestamp": 1768921433633
}
---

[bsc]
Request: GET http://localhost:8787/api/blockchain-monitor/tps?chain=bsc
Response:
{
  "success": true,
  "data": {
    "txCount": 926009,
    "tps": 257.2
  },
  "timestamp": 1768921440252
}
---

[polygon]
Request: GET http://localhost:8787/api/blockchain-monitor/tps?chain=polygon
Response:
{
  "success": true,
  "data": {
    "txCount": 260330,
    "tps": 72.3
  },
  "timestamp": 1768921443732
}
---


━━━━━━━━━━━━━━━━━━━━━━━━━━━━━━━━━━━━━━━━
4. Active Addresses 接口
━━━━━━━━━━━━━━━━━━━━━━━━━━━━━━━━━━━━━━━━

[btc]
Request: GET http://localhost:8787/api/blockchain-monitor/active-addresses?chain=btc
Response:
{
  "success": true,
  "data": {
    "activeAddresses": 584961
  },
  "timestamp": 1768921445685
}
---

[eth]
Request: GET http://localhost:8787/api/blockchain-monitor/active-addresses?chain=eth
Response:
{
  "success": true,
  "data": {
    "activeAddresses": 976526
  },
  "timestamp": 1768921447657
}
---

[sol]
Request: GET http://localhost:8787/api/blockchain-monitor/active-addresses?chain=sol
Response:
{
  "success": true,
  "data": {
    "activeAddresses": 25200652
  },
  "timestamp": 1768921507904
}
---

[bsc]
Request: GET http://localhost:8787/api/blockchain-monitor/active-addresses?chain=bsc
Response:
{
  "success": true,
  "data": {
    "activeAddresses": 3330157
  },
  "timestamp": 1768921512349
}
---

[polygon]
Request: GET http://localhost:8787/api/blockchain-monitor/active-addresses?chain=polygon
Response:
{
  "success": true,
  "data": {
    "activeAddresses": 610783
  },
  "timestamp": 1768921520478
}
---


━━━━━━━━━━━━━━━━━━━━━━━━━━━━━━━━━━━━━━━━
5. TVL 接口
━━━━━━━━━━━━━━━━━━━━━━━━━━━━━━━━━━━━━━━━

[btc]
Request: GET http://localhost:8787/api/blockchain-monitor/tvl?chain=btc
Response:
{
  "success": true,
  "data": {
    "tvl": 0,
    "tvlUSD": 0,
    "message": "Bitcoin has no native DeFi ecosystem. TVL is not applicable."
  },
  "timestamp": 1768921520497
}
---

[eth]
Request: GET http://localhost:8787/api/blockchain-monitor/tvl?chain=eth
Response:
{
  "success": true,
  "data": {
    "tvl": 71915761771.47719,
    "tvlUSD": 71915761771.47719
  },
  "timestamp": 1768921520518
}
---

[sol]
Request: GET http://localhost:8787/api/blockchain-monitor/tvl?chain=sol
Response:
{
  "success": true,
  "data": {
    "tvl": 8521456524.544713,
    "tvlUSD": 8521456524.544713
  },
  "timestamp": 1768921520536
}
---

[bsc]
Request: GET http://localhost:8787/api/blockchain-monitor/tvl?chain=bsc
Response:
{
  "success": true,
  "data": {
    "tvl": 6926828773.134314,
    "tvlUSD": 6926828773.134314
  },
  "timestamp": 1768921520553
}
---

[polygon]
Request: GET http://localhost:8787/api/blockchain-monitor/tvl?chain=polygon
Response:
{
  "success": true,
  "data": {
    "tvl": 1159656170.875468,
    "tvlUSD": 1159656170.875468
  },
  "timestamp": 1768921520571
}
---


━━━━━━━━━━━━━━━━━━━━━━━━━━━━━━━━━━━━━━━━
6. All Metrics 接口（一次性获取所有指标）
━━━━━━━━━━━━━━━━━━━━━━━━━━━━━━━━━━━━━━━━

[btc]
Request: GET http://localhost:8787/api/blockchain-monitor/all-metrics?chain=btc
Response:
{
  "success": true,
  "data": {
    "blockTimeDelay": {
      "blockNumber": 933102,
      "latestBlockTime": 1768920815,
      "delaySeconds": 706
    },
    "gasPrice": {
      "avgGasGwei": 1.014,
      "medianGasGwei": 1.014,
      "minGasGwei": 0.8112,
      "maxGasGwei": 1.2167999999999999,
      "unit": "sat/vB"
    },
    "tps": {
      "txCount": 13193,
      "tps": 3.7
    },
    "activeAddresses": {
      "activeAddresses": 584961
    },
    "tvl": {
      "tvl": 0,
      "tvlUSD": 0,
      "message": "Bitcoin has no native DeFi ecosystem. TVL is not applicable."
    }
  },
  "timestamp": 1768921523344
}
---

[eth]
Request: GET http://localhost:8787/api/blockchain-monitor/all-metrics?chain=eth
Response:
{
  "success": true,
  "data": {
    "blockTimeDelay": {
      "blockNumber": 24276770,
      "latestBlockTime": 1768921511,
      "delaySeconds": 13
    },
    "gasPrice": {
      "avgGasGwei": 0.757158579,
      "medianGasGwei": 0.757158579,
      "minGasGwei": 0.6814427211,
      "maxGasGwei": 0.8328744369000002,
      "unit": "gwei"
    },
    "tps": {
      "txCount": 85962,
      "tps": 23.9
    },
    "activeAddresses": {
      "activeAddresses": 976662
    },
    "tvl": {
      "tvl": 71915761771.47719,
      "tvlUSD": 71915761771.47719
    }
  },
  "timestamp": 1768921531685
}
---

[sol]
Request: GET http://localhost:8787/api/blockchain-monitor/all-metrics?chain=sol
Response:
{
  "success": true,
  "data": {
    "blockTimeDelay": {
      "blockNumber": 394776414,
      "latestBlockTime": 1768921518,
      "delaySeconds": 14
    },
    "gasPrice": {
      "avgGasGwei": 0.000005,
      "medianGasGwei": 0.000005,
      "minGasGwei": 0.0000045,
      "maxGasGwei": 0.0000055,
      "unit": "SOL"
    },
    "tps": {
      "tps": 1631.8525000000002,
      "txCount": 5874669,
      "sampleCount": 60,
      "periodSeconds": 60
    },
    "activeAddresses": {
      "activeAddresses": 25200652
    },
    "tvl": {
      "tvl": 8521456524.544713,
      "tvlUSD": 8521456524.544713
    }
  },
  "timestamp": 1768921586553
}
---

[bsc]
Request: GET http://localhost:8787/api/blockchain-monitor/all-metrics?chain=bsc
Response:
{
  "success": true,
  "data": {
    "blockTimeDelay": {
      "blockNumber": 76392900,
      "latestBlockTime": 1768921584,
      "delaySeconds": 3
    },
    "gasPrice": {
      "avgGasGwei": 0.05,
      "medianGasGwei": 0.05,
      "minGasGwei": 0.045000000000000005,
      "maxGasGwei": 0.05500000000000001,
      "unit": "gwei"
    },
    "tps": {
      "txCount": 922919,
      "tps": 256.4
    },
    "activeAddresses": {
      "activeAddresses": 3331141
    },
    "tvl": {
      "tvl": 6926828773.134314,
      "tvlUSD": 6926828773.134314
    }
  },
  "timestamp": 1768921591520
}
---

[polygon]
Request: GET http://localhost:8787/api/blockchain-monitor/all-metrics?chain=polygon
Response:
{
  "success": true,
  "data": {
    "blockTimeDelay": {
      "blockNumber": 81900809,
      "latestBlockTime": 1768921590,
      "delaySeconds": 2
    },
    "gasPrice": {
      "avgGasGwei": 840.434271936,
      "medianGasGwei": 840.434271936,
      "minGasGwei": 756.3908447424,
      "maxGasGwei": 924.4776991296001,
      "unit": "gwei"
    },
    "tps": {
      "txCount": 260717,
      "tps": 72.4
    },
    "activeAddresses": {
      "activeAddresses": 610727
    },
    "tvl": {
      "tvl": 1159656170.875468,
      "tvlUSD": 1159656170.875468
    }
  },
  "timestamp": 1768921595801
}
---

==========================================
测试完成
==========================================
